// Vitest Snapshot v1, https://vitest.dev/guide/snapshot.html

exports[`チェック時の表示が変わっていないこと 1`] = `
<div>
  <div
    class="_container_3e5575"
  >
    <fieldset
      role="radiogroup"
    >
      <ul
        class="_list_af03ec"
      >
        <li
          class="_item_37d96a"
        >
          <label
            class="_label_37d96a"
          >
            <input
              class="_input_37d96a"
              type="radio"
            />
            <span
              class="_text_37d96a"
            >
              総人口
            </span>
          </label>
        </li>
        <li
          class="_item_37d96a"
        >
          <label
            class="_label_37d96a"
          >
            <input
              class="_input_37d96a"
              type="radio"
            />
            <span
              class="_text_37d96a"
            >
              年少人口
            </span>
          </label>
        </li>
        <li
          class="_item_37d96a"
        >
          <label
            class="_label_37d96a"
          >
            <input
              class="_input_37d96a"
              type="radio"
            />
            <span
              class="_text_37d96a"
            >
              生産年齢人口
            </span>
          </label>
        </li>
        <li
          class="_item_37d96a"
        >
          <label
            class="_label_37d96a"
          >
            <input
              class="_input_37d96a"
              type="radio"
            />
            <span
              class="_text_37d96a"
            >
              老年人口
            </span>
          </label>
        </li>
      </ul>
    </fieldset>
  </div>
</div>
`;

exports[`デフォルトの表示が変わっていないこと 1`] = `
<div>
  <div
    class="_container_3e5575"
  >
    <fieldset
      role="radiogroup"
    >
      <ul
        class="_list_af03ec"
      >
        <li
          class="_item_37d96a"
        >
          <label
            class="_label_37d96a"
          >
            <input
              class="_input_37d96a"
              type="radio"
            />
            <span
              class="_text_37d96a"
            >
              総人口
            </span>
          </label>
        </li>
        <li
          class="_item_37d96a"
        >
          <label
            class="_label_37d96a"
          >
            <input
              class="_input_37d96a"
              type="radio"
            />
            <span
              class="_text_37d96a"
            >
              年少人口
            </span>
          </label>
        </li>
        <li
          class="_item_37d96a"
        >
          <label
            class="_label_37d96a"
          >
            <input
              class="_input_37d96a"
              type="radio"
            />
            <span
              class="_text_37d96a"
            >
              生産年齢人口
            </span>
          </label>
        </li>
        <li
          class="_item_37d96a"
        >
          <label
            class="_label_37d96a"
          >
            <input
              class="_input_37d96a"
              type="radio"
            />
            <span
              class="_text_37d96a"
            >
              老年人口
            </span>
          </label>
        </li>
      </ul>
    </fieldset>
  </div>
</div>
`;

exports[`フォーカス時の表示が変わっていないこと 1`] = `
<div>
  <div
    class="_container_3e5575"
  >
    <fieldset
      role="radiogroup"
    >
      <ul
        class="_list_af03ec"
      >
        <li
          class="_item_37d96a"
        >
          <label
            class="_label_37d96a"
          >
            <input
              class="_input_37d96a"
              type="radio"
            />
            <span
              class="_text_37d96a"
            >
              総人口
            </span>
          </label>
        </li>
        <li
          class="_item_37d96a"
        >
          <label
            class="_label_37d96a"
          >
            <input
              class="_input_37d96a"
              type="radio"
            />
            <span
              class="_text_37d96a"
            >
              年少人口
            </span>
          </label>
        </li>
        <li
          class="_item_37d96a"
        >
          <label
            class="_label_37d96a"
          >
            <input
              class="_input_37d96a"
              type="radio"
            />
            <span
              class="_text_37d96a"
            >
              生産年齢人口
            </span>
          </label>
        </li>
        <li
          class="_item_37d96a"
        >
          <label
            class="_label_37d96a"
          >
            <input
              class="_input_37d96a"
              type="radio"
            />
            <span
              class="_text_37d96a"
            >
              老年人口
            </span>
          </label>
        </li>
      </ul>
    </fieldset>
  </div>
</div>
`;
