// Vitest Snapshot v1, https://vitest.dev/guide/snapshot.html

exports[`表示が変わっていないこと 1`] = `
{
  "asFragment": [Function],
  "baseElement": <body>
    <div>
      <ul
        class="_list_a7bb3b"
      >
        <li>
          <label
            class="_label_6245af"
          >
            <input
              class="_input_6245af"
              type="checkbox"
            />
            <span
              class="_span_6245af"
            >
              北海道
            </span>
          </label>
        </li>
        <li>
          <label
            class="_label_6245af"
          >
            <input
              class="_input_6245af"
              type="checkbox"
            />
            <span
              class="_span_6245af"
            >
              青森県
            </span>
          </label>
        </li>
        <li>
          <label
            class="_label_6245af"
          >
            <input
              class="_input_6245af"
              type="checkbox"
            />
            <span
              class="_span_6245af"
            >
              岩手県
            </span>
          </label>
        </li>
        <li>
          <label
            class="_label_6245af"
          >
            <input
              class="_input_6245af"
              type="checkbox"
            />
            <span
              class="_span_6245af"
            >
              宮城県
            </span>
          </label>
        </li>
        <li>
          <label
            class="_label_6245af"
          >
            <input
              class="_input_6245af"
              type="checkbox"
            />
            <span
              class="_span_6245af"
            >
              秋田県
            </span>
          </label>
        </li>
        <li>
          <label
            class="_label_6245af"
          >
            <input
              class="_input_6245af"
              type="checkbox"
            />
            <span
              class="_span_6245af"
            >
              山形県
            </span>
          </label>
        </li>
        <li>
          <label
            class="_label_6245af"
          >
            <input
              class="_input_6245af"
              type="checkbox"
            />
            <span
              class="_span_6245af"
            >
              福島県
            </span>
          </label>
        </li>
        <li>
          <label
            class="_label_6245af"
          >
            <input
              class="_input_6245af"
              type="checkbox"
            />
            <span
              class="_span_6245af"
            >
              茨城県
            </span>
          </label>
        </li>
        <li>
          <label
            class="_label_6245af"
          >
            <input
              class="_input_6245af"
              type="checkbox"
            />
            <span
              class="_span_6245af"
            >
              栃木県
            </span>
          </label>
        </li>
        <li>
          <label
            class="_label_6245af"
          >
            <input
              class="_input_6245af"
              type="checkbox"
            />
            <span
              class="_span_6245af"
            >
              群馬県
            </span>
          </label>
        </li>
        <li>
          <label
            class="_label_6245af"
          >
            <input
              class="_input_6245af"
              type="checkbox"
            />
            <span
              class="_span_6245af"
            >
              埼玉県
            </span>
          </label>
        </li>
        <li>
          <label
            class="_label_6245af"
          >
            <input
              class="_input_6245af"
              type="checkbox"
            />
            <span
              class="_span_6245af"
            >
              千葉県
            </span>
          </label>
        </li>
        <li>
          <label
            class="_label_6245af"
          >
            <input
              checked=""
              class="_input_6245af"
              type="checkbox"
            />
            <span
              class="_span_6245af"
            >
              東京都
            </span>
          </label>
        </li>
        <li>
          <label
            class="_label_6245af"
          >
            <input
              class="_input_6245af"
              type="checkbox"
            />
            <span
              class="_span_6245af"
            >
              神奈川県
            </span>
          </label>
        </li>
        <li>
          <label
            class="_label_6245af"
          >
            <input
              class="_input_6245af"
              type="checkbox"
            />
            <span
              class="_span_6245af"
            >
              新潟県
            </span>
          </label>
        </li>
        <li>
          <label
            class="_label_6245af"
          >
            <input
              class="_input_6245af"
              type="checkbox"
            />
            <span
              class="_span_6245af"
            >
              富山県
            </span>
          </label>
        </li>
        <li>
          <label
            class="_label_6245af"
          >
            <input
              class="_input_6245af"
              type="checkbox"
            />
            <span
              class="_span_6245af"
            >
              石川県
            </span>
          </label>
        </li>
        <li>
          <label
            class="_label_6245af"
          >
            <input
              class="_input_6245af"
              type="checkbox"
            />
            <span
              class="_span_6245af"
            >
              福井県
            </span>
          </label>
        </li>
        <li>
          <label
            class="_label_6245af"
          >
            <input
              class="_input_6245af"
              type="checkbox"
            />
            <span
              class="_span_6245af"
            >
              山梨県
            </span>
          </label>
        </li>
        <li>
          <label
            class="_label_6245af"
          >
            <input
              class="_input_6245af"
              type="checkbox"
            />
            <span
              class="_span_6245af"
            >
              長野県
            </span>
          </label>
        </li>
        <li>
          <label
            class="_label_6245af"
          >
            <input
              class="_input_6245af"
              type="checkbox"
            />
            <span
              class="_span_6245af"
            >
              岐阜県
            </span>
          </label>
        </li>
        <li>
          <label
            class="_label_6245af"
          >
            <input
              class="_input_6245af"
              type="checkbox"
            />
            <span
              class="_span_6245af"
            >
              静岡県
            </span>
          </label>
        </li>
        <li>
          <label
            class="_label_6245af"
          >
            <input
              class="_input_6245af"
              type="checkbox"
            />
            <span
              class="_span_6245af"
            >
              愛知県
            </span>
          </label>
        </li>
        <li>
          <label
            class="_label_6245af"
          >
            <input
              class="_input_6245af"
              type="checkbox"
            />
            <span
              class="_span_6245af"
            >
              三重県
            </span>
          </label>
        </li>
        <li>
          <label
            class="_label_6245af"
          >
            <input
              class="_input_6245af"
              type="checkbox"
            />
            <span
              class="_span_6245af"
            >
              滋賀県
            </span>
          </label>
        </li>
        <li>
          <label
            class="_label_6245af"
          >
            <input
              class="_input_6245af"
              type="checkbox"
            />
            <span
              class="_span_6245af"
            >
              京都府
            </span>
          </label>
        </li>
        <li>
          <label
            class="_label_6245af"
          >
            <input
              checked=""
              class="_input_6245af"
              type="checkbox"
            />
            <span
              class="_span_6245af"
            >
              大阪府
            </span>
          </label>
        </li>
        <li>
          <label
            class="_label_6245af"
          >
            <input
              class="_input_6245af"
              type="checkbox"
            />
            <span
              class="_span_6245af"
            >
              兵庫県
            </span>
          </label>
        </li>
        <li>
          <label
            class="_label_6245af"
          >
            <input
              class="_input_6245af"
              type="checkbox"
            />
            <span
              class="_span_6245af"
            >
              奈良県
            </span>
          </label>
        </li>
        <li>
          <label
            class="_label_6245af"
          >
            <input
              class="_input_6245af"
              type="checkbox"
            />
            <span
              class="_span_6245af"
            >
              和歌山県
            </span>
          </label>
        </li>
        <li>
          <label
            class="_label_6245af"
          >
            <input
              class="_input_6245af"
              type="checkbox"
            />
            <span
              class="_span_6245af"
            >
              鳥取県
            </span>
          </label>
        </li>
        <li>
          <label
            class="_label_6245af"
          >
            <input
              class="_input_6245af"
              type="checkbox"
            />
            <span
              class="_span_6245af"
            >
              島根県
            </span>
          </label>
        </li>
        <li>
          <label
            class="_label_6245af"
          >
            <input
              class="_input_6245af"
              type="checkbox"
            />
            <span
              class="_span_6245af"
            >
              岡山県
            </span>
          </label>
        </li>
        <li>
          <label
            class="_label_6245af"
          >
            <input
              class="_input_6245af"
              type="checkbox"
            />
            <span
              class="_span_6245af"
            >
              広島県
            </span>
          </label>
        </li>
        <li>
          <label
            class="_label_6245af"
          >
            <input
              class="_input_6245af"
              type="checkbox"
            />
            <span
              class="_span_6245af"
            >
              山口県
            </span>
          </label>
        </li>
        <li>
          <label
            class="_label_6245af"
          >
            <input
              class="_input_6245af"
              type="checkbox"
            />
            <span
              class="_span_6245af"
            >
              徳島県
            </span>
          </label>
        </li>
        <li>
          <label
            class="_label_6245af"
          >
            <input
              class="_input_6245af"
              type="checkbox"
            />
            <span
              class="_span_6245af"
            >
              香川県
            </span>
          </label>
        </li>
        <li>
          <label
            class="_label_6245af"
          >
            <input
              class="_input_6245af"
              type="checkbox"
            />
            <span
              class="_span_6245af"
            >
              愛媛県
            </span>
          </label>
        </li>
        <li>
          <label
            class="_label_6245af"
          >
            <input
              class="_input_6245af"
              type="checkbox"
            />
            <span
              class="_span_6245af"
            >
              高知県
            </span>
          </label>
        </li>
        <li>
          <label
            class="_label_6245af"
          >
            <input
              class="_input_6245af"
              type="checkbox"
            />
            <span
              class="_span_6245af"
            >
              福岡県
            </span>
          </label>
        </li>
        <li>
          <label
            class="_label_6245af"
          >
            <input
              class="_input_6245af"
              type="checkbox"
            />
            <span
              class="_span_6245af"
            >
              佐賀県
            </span>
          </label>
        </li>
        <li>
          <label
            class="_label_6245af"
          >
            <input
              class="_input_6245af"
              type="checkbox"
            />
            <span
              class="_span_6245af"
            >
              長崎県
            </span>
          </label>
        </li>
        <li>
          <label
            class="_label_6245af"
          >
            <input
              class="_input_6245af"
              type="checkbox"
            />
            <span
              class="_span_6245af"
            >
              熊本県
            </span>
          </label>
        </li>
        <li>
          <label
            class="_label_6245af"
          >
            <input
              class="_input_6245af"
              type="checkbox"
            />
            <span
              class="_span_6245af"
            >
              大分県
            </span>
          </label>
        </li>
        <li>
          <label
            class="_label_6245af"
          >
            <input
              class="_input_6245af"
              type="checkbox"
            />
            <span
              class="_span_6245af"
            >
              宮崎県
            </span>
          </label>
        </li>
        <li>
          <label
            class="_label_6245af"
          >
            <input
              class="_input_6245af"
              type="checkbox"
            />
            <span
              class="_span_6245af"
            >
              鹿児島県
            </span>
          </label>
        </li>
        <li>
          <label
            class="_label_6245af"
          >
            <input
              class="_input_6245af"
              type="checkbox"
            />
            <span
              class="_span_6245af"
            >
              沖縄県
            </span>
          </label>
        </li>
      </ul>
    </div>
  </body>,
  "container": <div>
    <ul
      class="_list_a7bb3b"
    >
      <li>
        <label
          class="_label_6245af"
        >
          <input
            class="_input_6245af"
            type="checkbox"
          />
          <span
            class="_span_6245af"
          >
            北海道
          </span>
        </label>
      </li>
      <li>
        <label
          class="_label_6245af"
        >
          <input
            class="_input_6245af"
            type="checkbox"
          />
          <span
            class="_span_6245af"
          >
            青森県
          </span>
        </label>
      </li>
      <li>
        <label
          class="_label_6245af"
        >
          <input
            class="_input_6245af"
            type="checkbox"
          />
          <span
            class="_span_6245af"
          >
            岩手県
          </span>
        </label>
      </li>
      <li>
        <label
          class="_label_6245af"
        >
          <input
            class="_input_6245af"
            type="checkbox"
          />
          <span
            class="_span_6245af"
          >
            宮城県
          </span>
        </label>
      </li>
      <li>
        <label
          class="_label_6245af"
        >
          <input
            class="_input_6245af"
            type="checkbox"
          />
          <span
            class="_span_6245af"
          >
            秋田県
          </span>
        </label>
      </li>
      <li>
        <label
          class="_label_6245af"
        >
          <input
            class="_input_6245af"
            type="checkbox"
          />
          <span
            class="_span_6245af"
          >
            山形県
          </span>
        </label>
      </li>
      <li>
        <label
          class="_label_6245af"
        >
          <input
            class="_input_6245af"
            type="checkbox"
          />
          <span
            class="_span_6245af"
          >
            福島県
          </span>
        </label>
      </li>
      <li>
        <label
          class="_label_6245af"
        >
          <input
            class="_input_6245af"
            type="checkbox"
          />
          <span
            class="_span_6245af"
          >
            茨城県
          </span>
        </label>
      </li>
      <li>
        <label
          class="_label_6245af"
        >
          <input
            class="_input_6245af"
            type="checkbox"
          />
          <span
            class="_span_6245af"
          >
            栃木県
          </span>
        </label>
      </li>
      <li>
        <label
          class="_label_6245af"
        >
          <input
            class="_input_6245af"
            type="checkbox"
          />
          <span
            class="_span_6245af"
          >
            群馬県
          </span>
        </label>
      </li>
      <li>
        <label
          class="_label_6245af"
        >
          <input
            class="_input_6245af"
            type="checkbox"
          />
          <span
            class="_span_6245af"
          >
            埼玉県
          </span>
        </label>
      </li>
      <li>
        <label
          class="_label_6245af"
        >
          <input
            class="_input_6245af"
            type="checkbox"
          />
          <span
            class="_span_6245af"
          >
            千葉県
          </span>
        </label>
      </li>
      <li>
        <label
          class="_label_6245af"
        >
          <input
            checked=""
            class="_input_6245af"
            type="checkbox"
          />
          <span
            class="_span_6245af"
          >
            東京都
          </span>
        </label>
      </li>
      <li>
        <label
          class="_label_6245af"
        >
          <input
            class="_input_6245af"
            type="checkbox"
          />
          <span
            class="_span_6245af"
          >
            神奈川県
          </span>
        </label>
      </li>
      <li>
        <label
          class="_label_6245af"
        >
          <input
            class="_input_6245af"
            type="checkbox"
          />
          <span
            class="_span_6245af"
          >
            新潟県
          </span>
        </label>
      </li>
      <li>
        <label
          class="_label_6245af"
        >
          <input
            class="_input_6245af"
            type="checkbox"
          />
          <span
            class="_span_6245af"
          >
            富山県
          </span>
        </label>
      </li>
      <li>
        <label
          class="_label_6245af"
        >
          <input
            class="_input_6245af"
            type="checkbox"
          />
          <span
            class="_span_6245af"
          >
            石川県
          </span>
        </label>
      </li>
      <li>
        <label
          class="_label_6245af"
        >
          <input
            class="_input_6245af"
            type="checkbox"
          />
          <span
            class="_span_6245af"
          >
            福井県
          </span>
        </label>
      </li>
      <li>
        <label
          class="_label_6245af"
        >
          <input
            class="_input_6245af"
            type="checkbox"
          />
          <span
            class="_span_6245af"
          >
            山梨県
          </span>
        </label>
      </li>
      <li>
        <label
          class="_label_6245af"
        >
          <input
            class="_input_6245af"
            type="checkbox"
          />
          <span
            class="_span_6245af"
          >
            長野県
          </span>
        </label>
      </li>
      <li>
        <label
          class="_label_6245af"
        >
          <input
            class="_input_6245af"
            type="checkbox"
          />
          <span
            class="_span_6245af"
          >
            岐阜県
          </span>
        </label>
      </li>
      <li>
        <label
          class="_label_6245af"
        >
          <input
            class="_input_6245af"
            type="checkbox"
          />
          <span
            class="_span_6245af"
          >
            静岡県
          </span>
        </label>
      </li>
      <li>
        <label
          class="_label_6245af"
        >
          <input
            class="_input_6245af"
            type="checkbox"
          />
          <span
            class="_span_6245af"
          >
            愛知県
          </span>
        </label>
      </li>
      <li>
        <label
          class="_label_6245af"
        >
          <input
            class="_input_6245af"
            type="checkbox"
          />
          <span
            class="_span_6245af"
          >
            三重県
          </span>
        </label>
      </li>
      <li>
        <label
          class="_label_6245af"
        >
          <input
            class="_input_6245af"
            type="checkbox"
          />
          <span
            class="_span_6245af"
          >
            滋賀県
          </span>
        </label>
      </li>
      <li>
        <label
          class="_label_6245af"
        >
          <input
            class="_input_6245af"
            type="checkbox"
          />
          <span
            class="_span_6245af"
          >
            京都府
          </span>
        </label>
      </li>
      <li>
        <label
          class="_label_6245af"
        >
          <input
            checked=""
            class="_input_6245af"
            type="checkbox"
          />
          <span
            class="_span_6245af"
          >
            大阪府
          </span>
        </label>
      </li>
      <li>
        <label
          class="_label_6245af"
        >
          <input
            class="_input_6245af"
            type="checkbox"
          />
          <span
            class="_span_6245af"
          >
            兵庫県
          </span>
        </label>
      </li>
      <li>
        <label
          class="_label_6245af"
        >
          <input
            class="_input_6245af"
            type="checkbox"
          />
          <span
            class="_span_6245af"
          >
            奈良県
          </span>
        </label>
      </li>
      <li>
        <label
          class="_label_6245af"
        >
          <input
            class="_input_6245af"
            type="checkbox"
          />
          <span
            class="_span_6245af"
          >
            和歌山県
          </span>
        </label>
      </li>
      <li>
        <label
          class="_label_6245af"
        >
          <input
            class="_input_6245af"
            type="checkbox"
          />
          <span
            class="_span_6245af"
          >
            鳥取県
          </span>
        </label>
      </li>
      <li>
        <label
          class="_label_6245af"
        >
          <input
            class="_input_6245af"
            type="checkbox"
          />
          <span
            class="_span_6245af"
          >
            島根県
          </span>
        </label>
      </li>
      <li>
        <label
          class="_label_6245af"
        >
          <input
            class="_input_6245af"
            type="checkbox"
          />
          <span
            class="_span_6245af"
          >
            岡山県
          </span>
        </label>
      </li>
      <li>
        <label
          class="_label_6245af"
        >
          <input
            class="_input_6245af"
            type="checkbox"
          />
          <span
            class="_span_6245af"
          >
            広島県
          </span>
        </label>
      </li>
      <li>
        <label
          class="_label_6245af"
        >
          <input
            class="_input_6245af"
            type="checkbox"
          />
          <span
            class="_span_6245af"
          >
            山口県
          </span>
        </label>
      </li>
      <li>
        <label
          class="_label_6245af"
        >
          <input
            class="_input_6245af"
            type="checkbox"
          />
          <span
            class="_span_6245af"
          >
            徳島県
          </span>
        </label>
      </li>
      <li>
        <label
          class="_label_6245af"
        >
          <input
            class="_input_6245af"
            type="checkbox"
          />
          <span
            class="_span_6245af"
          >
            香川県
          </span>
        </label>
      </li>
      <li>
        <label
          class="_label_6245af"
        >
          <input
            class="_input_6245af"
            type="checkbox"
          />
          <span
            class="_span_6245af"
          >
            愛媛県
          </span>
        </label>
      </li>
      <li>
        <label
          class="_label_6245af"
        >
          <input
            class="_input_6245af"
            type="checkbox"
          />
          <span
            class="_span_6245af"
          >
            高知県
          </span>
        </label>
      </li>
      <li>
        <label
          class="_label_6245af"
        >
          <input
            class="_input_6245af"
            type="checkbox"
          />
          <span
            class="_span_6245af"
          >
            福岡県
          </span>
        </label>
      </li>
      <li>
        <label
          class="_label_6245af"
        >
          <input
            class="_input_6245af"
            type="checkbox"
          />
          <span
            class="_span_6245af"
          >
            佐賀県
          </span>
        </label>
      </li>
      <li>
        <label
          class="_label_6245af"
        >
          <input
            class="_input_6245af"
            type="checkbox"
          />
          <span
            class="_span_6245af"
          >
            長崎県
          </span>
        </label>
      </li>
      <li>
        <label
          class="_label_6245af"
        >
          <input
            class="_input_6245af"
            type="checkbox"
          />
          <span
            class="_span_6245af"
          >
            熊本県
          </span>
        </label>
      </li>
      <li>
        <label
          class="_label_6245af"
        >
          <input
            class="_input_6245af"
            type="checkbox"
          />
          <span
            class="_span_6245af"
          >
            大分県
          </span>
        </label>
      </li>
      <li>
        <label
          class="_label_6245af"
        >
          <input
            class="_input_6245af"
            type="checkbox"
          />
          <span
            class="_span_6245af"
          >
            宮崎県
          </span>
        </label>
      </li>
      <li>
        <label
          class="_label_6245af"
        >
          <input
            class="_input_6245af"
            type="checkbox"
          />
          <span
            class="_span_6245af"
          >
            鹿児島県
          </span>
        </label>
      </li>
      <li>
        <label
          class="_label_6245af"
        >
          <input
            class="_input_6245af"
            type="checkbox"
          />
          <span
            class="_span_6245af"
          >
            沖縄県
          </span>
        </label>
      </li>
    </ul>
  </div>,
  "debug": [Function],
  "findAllByAltText": [Function],
  "findAllByDisplayValue": [Function],
  "findAllByLabelText": [Function],
  "findAllByPlaceholderText": [Function],
  "findAllByRole": [Function],
  "findAllByTestId": [Function],
  "findAllByText": [Function],
  "findAllByTitle": [Function],
  "findByAltText": [Function],
  "findByDisplayValue": [Function],
  "findByLabelText": [Function],
  "findByPlaceholderText": [Function],
  "findByRole": [Function],
  "findByTestId": [Function],
  "findByText": [Function],
  "findByTitle": [Function],
  "getAllByAltText": [Function],
  "getAllByDisplayValue": [Function],
  "getAllByLabelText": [Function],
  "getAllByPlaceholderText": [Function],
  "getAllByRole": [Function],
  "getAllByTestId": [Function],
  "getAllByText": [Function],
  "getAllByTitle": [Function],
  "getByAltText": [Function],
  "getByDisplayValue": [Function],
  "getByLabelText": [Function],
  "getByPlaceholderText": [Function],
  "getByRole": [Function],
  "getByTestId": [Function],
  "getByText": [Function],
  "getByTitle": [Function],
  "queryAllByAltText": [Function],
  "queryAllByDisplayValue": [Function],
  "queryAllByLabelText": [Function],
  "queryAllByPlaceholderText": [Function],
  "queryAllByRole": [Function],
  "queryAllByTestId": [Function],
  "queryAllByText": [Function],
  "queryAllByTitle": [Function],
  "queryByAltText": [Function],
  "queryByDisplayValue": [Function],
  "queryByLabelText": [Function],
  "queryByPlaceholderText": [Function],
  "queryByRole": [Function],
  "queryByTestId": [Function],
  "queryByText": [Function],
  "queryByTitle": [Function],
  "rerender": [Function],
  "unmount": [Function],
}
`;

exports[`選択していないときの表示が変わっていないこと 1`] = `
{
  "asFragment": [Function],
  "baseElement": <body>
    <div>
      <ul
        class="_list_a7bb3b"
      >
        <li>
          <label
            class="_label_6245af"
          >
            <input
              class="_input_6245af"
              type="checkbox"
            />
            <span
              class="_span_6245af"
            >
              北海道
            </span>
          </label>
        </li>
        <li>
          <label
            class="_label_6245af"
          >
            <input
              class="_input_6245af"
              type="checkbox"
            />
            <span
              class="_span_6245af"
            >
              青森県
            </span>
          </label>
        </li>
        <li>
          <label
            class="_label_6245af"
          >
            <input
              class="_input_6245af"
              type="checkbox"
            />
            <span
              class="_span_6245af"
            >
              岩手県
            </span>
          </label>
        </li>
        <li>
          <label
            class="_label_6245af"
          >
            <input
              class="_input_6245af"
              type="checkbox"
            />
            <span
              class="_span_6245af"
            >
              宮城県
            </span>
          </label>
        </li>
        <li>
          <label
            class="_label_6245af"
          >
            <input
              class="_input_6245af"
              type="checkbox"
            />
            <span
              class="_span_6245af"
            >
              秋田県
            </span>
          </label>
        </li>
        <li>
          <label
            class="_label_6245af"
          >
            <input
              class="_input_6245af"
              type="checkbox"
            />
            <span
              class="_span_6245af"
            >
              山形県
            </span>
          </label>
        </li>
        <li>
          <label
            class="_label_6245af"
          >
            <input
              class="_input_6245af"
              type="checkbox"
            />
            <span
              class="_span_6245af"
            >
              福島県
            </span>
          </label>
        </li>
        <li>
          <label
            class="_label_6245af"
          >
            <input
              class="_input_6245af"
              type="checkbox"
            />
            <span
              class="_span_6245af"
            >
              茨城県
            </span>
          </label>
        </li>
        <li>
          <label
            class="_label_6245af"
          >
            <input
              class="_input_6245af"
              type="checkbox"
            />
            <span
              class="_span_6245af"
            >
              栃木県
            </span>
          </label>
        </li>
        <li>
          <label
            class="_label_6245af"
          >
            <input
              class="_input_6245af"
              type="checkbox"
            />
            <span
              class="_span_6245af"
            >
              群馬県
            </span>
          </label>
        </li>
        <li>
          <label
            class="_label_6245af"
          >
            <input
              class="_input_6245af"
              type="checkbox"
            />
            <span
              class="_span_6245af"
            >
              埼玉県
            </span>
          </label>
        </li>
        <li>
          <label
            class="_label_6245af"
          >
            <input
              class="_input_6245af"
              type="checkbox"
            />
            <span
              class="_span_6245af"
            >
              千葉県
            </span>
          </label>
        </li>
        <li>
          <label
            class="_label_6245af"
          >
            <input
              class="_input_6245af"
              type="checkbox"
            />
            <span
              class="_span_6245af"
            >
              東京都
            </span>
          </label>
        </li>
        <li>
          <label
            class="_label_6245af"
          >
            <input
              class="_input_6245af"
              type="checkbox"
            />
            <span
              class="_span_6245af"
            >
              神奈川県
            </span>
          </label>
        </li>
        <li>
          <label
            class="_label_6245af"
          >
            <input
              class="_input_6245af"
              type="checkbox"
            />
            <span
              class="_span_6245af"
            >
              新潟県
            </span>
          </label>
        </li>
        <li>
          <label
            class="_label_6245af"
          >
            <input
              class="_input_6245af"
              type="checkbox"
            />
            <span
              class="_span_6245af"
            >
              富山県
            </span>
          </label>
        </li>
        <li>
          <label
            class="_label_6245af"
          >
            <input
              class="_input_6245af"
              type="checkbox"
            />
            <span
              class="_span_6245af"
            >
              石川県
            </span>
          </label>
        </li>
        <li>
          <label
            class="_label_6245af"
          >
            <input
              class="_input_6245af"
              type="checkbox"
            />
            <span
              class="_span_6245af"
            >
              福井県
            </span>
          </label>
        </li>
        <li>
          <label
            class="_label_6245af"
          >
            <input
              class="_input_6245af"
              type="checkbox"
            />
            <span
              class="_span_6245af"
            >
              山梨県
            </span>
          </label>
        </li>
        <li>
          <label
            class="_label_6245af"
          >
            <input
              class="_input_6245af"
              type="checkbox"
            />
            <span
              class="_span_6245af"
            >
              長野県
            </span>
          </label>
        </li>
        <li>
          <label
            class="_label_6245af"
          >
            <input
              class="_input_6245af"
              type="checkbox"
            />
            <span
              class="_span_6245af"
            >
              岐阜県
            </span>
          </label>
        </li>
        <li>
          <label
            class="_label_6245af"
          >
            <input
              class="_input_6245af"
              type="checkbox"
            />
            <span
              class="_span_6245af"
            >
              静岡県
            </span>
          </label>
        </li>
        <li>
          <label
            class="_label_6245af"
          >
            <input
              class="_input_6245af"
              type="checkbox"
            />
            <span
              class="_span_6245af"
            >
              愛知県
            </span>
          </label>
        </li>
        <li>
          <label
            class="_label_6245af"
          >
            <input
              class="_input_6245af"
              type="checkbox"
            />
            <span
              class="_span_6245af"
            >
              三重県
            </span>
          </label>
        </li>
        <li>
          <label
            class="_label_6245af"
          >
            <input
              class="_input_6245af"
              type="checkbox"
            />
            <span
              class="_span_6245af"
            >
              滋賀県
            </span>
          </label>
        </li>
        <li>
          <label
            class="_label_6245af"
          >
            <input
              class="_input_6245af"
              type="checkbox"
            />
            <span
              class="_span_6245af"
            >
              京都府
            </span>
          </label>
        </li>
        <li>
          <label
            class="_label_6245af"
          >
            <input
              class="_input_6245af"
              type="checkbox"
            />
            <span
              class="_span_6245af"
            >
              大阪府
            </span>
          </label>
        </li>
        <li>
          <label
            class="_label_6245af"
          >
            <input
              class="_input_6245af"
              type="checkbox"
            />
            <span
              class="_span_6245af"
            >
              兵庫県
            </span>
          </label>
        </li>
        <li>
          <label
            class="_label_6245af"
          >
            <input
              class="_input_6245af"
              type="checkbox"
            />
            <span
              class="_span_6245af"
            >
              奈良県
            </span>
          </label>
        </li>
        <li>
          <label
            class="_label_6245af"
          >
            <input
              class="_input_6245af"
              type="checkbox"
            />
            <span
              class="_span_6245af"
            >
              和歌山県
            </span>
          </label>
        </li>
        <li>
          <label
            class="_label_6245af"
          >
            <input
              class="_input_6245af"
              type="checkbox"
            />
            <span
              class="_span_6245af"
            >
              鳥取県
            </span>
          </label>
        </li>
        <li>
          <label
            class="_label_6245af"
          >
            <input
              class="_input_6245af"
              type="checkbox"
            />
            <span
              class="_span_6245af"
            >
              島根県
            </span>
          </label>
        </li>
        <li>
          <label
            class="_label_6245af"
          >
            <input
              class="_input_6245af"
              type="checkbox"
            />
            <span
              class="_span_6245af"
            >
              岡山県
            </span>
          </label>
        </li>
        <li>
          <label
            class="_label_6245af"
          >
            <input
              class="_input_6245af"
              type="checkbox"
            />
            <span
              class="_span_6245af"
            >
              広島県
            </span>
          </label>
        </li>
        <li>
          <label
            class="_label_6245af"
          >
            <input
              class="_input_6245af"
              type="checkbox"
            />
            <span
              class="_span_6245af"
            >
              山口県
            </span>
          </label>
        </li>
        <li>
          <label
            class="_label_6245af"
          >
            <input
              class="_input_6245af"
              type="checkbox"
            />
            <span
              class="_span_6245af"
            >
              徳島県
            </span>
          </label>
        </li>
        <li>
          <label
            class="_label_6245af"
          >
            <input
              class="_input_6245af"
              type="checkbox"
            />
            <span
              class="_span_6245af"
            >
              香川県
            </span>
          </label>
        </li>
        <li>
          <label
            class="_label_6245af"
          >
            <input
              class="_input_6245af"
              type="checkbox"
            />
            <span
              class="_span_6245af"
            >
              愛媛県
            </span>
          </label>
        </li>
        <li>
          <label
            class="_label_6245af"
          >
            <input
              class="_input_6245af"
              type="checkbox"
            />
            <span
              class="_span_6245af"
            >
              高知県
            </span>
          </label>
        </li>
        <li>
          <label
            class="_label_6245af"
          >
            <input
              class="_input_6245af"
              type="checkbox"
            />
            <span
              class="_span_6245af"
            >
              福岡県
            </span>
          </label>
        </li>
        <li>
          <label
            class="_label_6245af"
          >
            <input
              class="_input_6245af"
              type="checkbox"
            />
            <span
              class="_span_6245af"
            >
              佐賀県
            </span>
          </label>
        </li>
        <li>
          <label
            class="_label_6245af"
          >
            <input
              class="_input_6245af"
              type="checkbox"
            />
            <span
              class="_span_6245af"
            >
              長崎県
            </span>
          </label>
        </li>
        <li>
          <label
            class="_label_6245af"
          >
            <input
              class="_input_6245af"
              type="checkbox"
            />
            <span
              class="_span_6245af"
            >
              熊本県
            </span>
          </label>
        </li>
        <li>
          <label
            class="_label_6245af"
          >
            <input
              class="_input_6245af"
              type="checkbox"
            />
            <span
              class="_span_6245af"
            >
              大分県
            </span>
          </label>
        </li>
        <li>
          <label
            class="_label_6245af"
          >
            <input
              class="_input_6245af"
              type="checkbox"
            />
            <span
              class="_span_6245af"
            >
              宮崎県
            </span>
          </label>
        </li>
        <li>
          <label
            class="_label_6245af"
          >
            <input
              class="_input_6245af"
              type="checkbox"
            />
            <span
              class="_span_6245af"
            >
              鹿児島県
            </span>
          </label>
        </li>
        <li>
          <label
            class="_label_6245af"
          >
            <input
              class="_input_6245af"
              type="checkbox"
            />
            <span
              class="_span_6245af"
            >
              沖縄県
            </span>
          </label>
        </li>
      </ul>
    </div>
  </body>,
  "container": <div>
    <ul
      class="_list_a7bb3b"
    >
      <li>
        <label
          class="_label_6245af"
        >
          <input
            class="_input_6245af"
            type="checkbox"
          />
          <span
            class="_span_6245af"
          >
            北海道
          </span>
        </label>
      </li>
      <li>
        <label
          class="_label_6245af"
        >
          <input
            class="_input_6245af"
            type="checkbox"
          />
          <span
            class="_span_6245af"
          >
            青森県
          </span>
        </label>
      </li>
      <li>
        <label
          class="_label_6245af"
        >
          <input
            class="_input_6245af"
            type="checkbox"
          />
          <span
            class="_span_6245af"
          >
            岩手県
          </span>
        </label>
      </li>
      <li>
        <label
          class="_label_6245af"
        >
          <input
            class="_input_6245af"
            type="checkbox"
          />
          <span
            class="_span_6245af"
          >
            宮城県
          </span>
        </label>
      </li>
      <li>
        <label
          class="_label_6245af"
        >
          <input
            class="_input_6245af"
            type="checkbox"
          />
          <span
            class="_span_6245af"
          >
            秋田県
          </span>
        </label>
      </li>
      <li>
        <label
          class="_label_6245af"
        >
          <input
            class="_input_6245af"
            type="checkbox"
          />
          <span
            class="_span_6245af"
          >
            山形県
          </span>
        </label>
      </li>
      <li>
        <label
          class="_label_6245af"
        >
          <input
            class="_input_6245af"
            type="checkbox"
          />
          <span
            class="_span_6245af"
          >
            福島県
          </span>
        </label>
      </li>
      <li>
        <label
          class="_label_6245af"
        >
          <input
            class="_input_6245af"
            type="checkbox"
          />
          <span
            class="_span_6245af"
          >
            茨城県
          </span>
        </label>
      </li>
      <li>
        <label
          class="_label_6245af"
        >
          <input
            class="_input_6245af"
            type="checkbox"
          />
          <span
            class="_span_6245af"
          >
            栃木県
          </span>
        </label>
      </li>
      <li>
        <label
          class="_label_6245af"
        >
          <input
            class="_input_6245af"
            type="checkbox"
          />
          <span
            class="_span_6245af"
          >
            群馬県
          </span>
        </label>
      </li>
      <li>
        <label
          class="_label_6245af"
        >
          <input
            class="_input_6245af"
            type="checkbox"
          />
          <span
            class="_span_6245af"
          >
            埼玉県
          </span>
        </label>
      </li>
      <li>
        <label
          class="_label_6245af"
        >
          <input
            class="_input_6245af"
            type="checkbox"
          />
          <span
            class="_span_6245af"
          >
            千葉県
          </span>
        </label>
      </li>
      <li>
        <label
          class="_label_6245af"
        >
          <input
            class="_input_6245af"
            type="checkbox"
          />
          <span
            class="_span_6245af"
          >
            東京都
          </span>
        </label>
      </li>
      <li>
        <label
          class="_label_6245af"
        >
          <input
            class="_input_6245af"
            type="checkbox"
          />
          <span
            class="_span_6245af"
          >
            神奈川県
          </span>
        </label>
      </li>
      <li>
        <label
          class="_label_6245af"
        >
          <input
            class="_input_6245af"
            type="checkbox"
          />
          <span
            class="_span_6245af"
          >
            新潟県
          </span>
        </label>
      </li>
      <li>
        <label
          class="_label_6245af"
        >
          <input
            class="_input_6245af"
            type="checkbox"
          />
          <span
            class="_span_6245af"
          >
            富山県
          </span>
        </label>
      </li>
      <li>
        <label
          class="_label_6245af"
        >
          <input
            class="_input_6245af"
            type="checkbox"
          />
          <span
            class="_span_6245af"
          >
            石川県
          </span>
        </label>
      </li>
      <li>
        <label
          class="_label_6245af"
        >
          <input
            class="_input_6245af"
            type="checkbox"
          />
          <span
            class="_span_6245af"
          >
            福井県
          </span>
        </label>
      </li>
      <li>
        <label
          class="_label_6245af"
        >
          <input
            class="_input_6245af"
            type="checkbox"
          />
          <span
            class="_span_6245af"
          >
            山梨県
          </span>
        </label>
      </li>
      <li>
        <label
          class="_label_6245af"
        >
          <input
            class="_input_6245af"
            type="checkbox"
          />
          <span
            class="_span_6245af"
          >
            長野県
          </span>
        </label>
      </li>
      <li>
        <label
          class="_label_6245af"
        >
          <input
            class="_input_6245af"
            type="checkbox"
          />
          <span
            class="_span_6245af"
          >
            岐阜県
          </span>
        </label>
      </li>
      <li>
        <label
          class="_label_6245af"
        >
          <input
            class="_input_6245af"
            type="checkbox"
          />
          <span
            class="_span_6245af"
          >
            静岡県
          </span>
        </label>
      </li>
      <li>
        <label
          class="_label_6245af"
        >
          <input
            class="_input_6245af"
            type="checkbox"
          />
          <span
            class="_span_6245af"
          >
            愛知県
          </span>
        </label>
      </li>
      <li>
        <label
          class="_label_6245af"
        >
          <input
            class="_input_6245af"
            type="checkbox"
          />
          <span
            class="_span_6245af"
          >
            三重県
          </span>
        </label>
      </li>
      <li>
        <label
          class="_label_6245af"
        >
          <input
            class="_input_6245af"
            type="checkbox"
          />
          <span
            class="_span_6245af"
          >
            滋賀県
          </span>
        </label>
      </li>
      <li>
        <label
          class="_label_6245af"
        >
          <input
            class="_input_6245af"
            type="checkbox"
          />
          <span
            class="_span_6245af"
          >
            京都府
          </span>
        </label>
      </li>
      <li>
        <label
          class="_label_6245af"
        >
          <input
            class="_input_6245af"
            type="checkbox"
          />
          <span
            class="_span_6245af"
          >
            大阪府
          </span>
        </label>
      </li>
      <li>
        <label
          class="_label_6245af"
        >
          <input
            class="_input_6245af"
            type="checkbox"
          />
          <span
            class="_span_6245af"
          >
            兵庫県
          </span>
        </label>
      </li>
      <li>
        <label
          class="_label_6245af"
        >
          <input
            class="_input_6245af"
            type="checkbox"
          />
          <span
            class="_span_6245af"
          >
            奈良県
          </span>
        </label>
      </li>
      <li>
        <label
          class="_label_6245af"
        >
          <input
            class="_input_6245af"
            type="checkbox"
          />
          <span
            class="_span_6245af"
          >
            和歌山県
          </span>
        </label>
      </li>
      <li>
        <label
          class="_label_6245af"
        >
          <input
            class="_input_6245af"
            type="checkbox"
          />
          <span
            class="_span_6245af"
          >
            鳥取県
          </span>
        </label>
      </li>
      <li>
        <label
          class="_label_6245af"
        >
          <input
            class="_input_6245af"
            type="checkbox"
          />
          <span
            class="_span_6245af"
          >
            島根県
          </span>
        </label>
      </li>
      <li>
        <label
          class="_label_6245af"
        >
          <input
            class="_input_6245af"
            type="checkbox"
          />
          <span
            class="_span_6245af"
          >
            岡山県
          </span>
        </label>
      </li>
      <li>
        <label
          class="_label_6245af"
        >
          <input
            class="_input_6245af"
            type="checkbox"
          />
          <span
            class="_span_6245af"
          >
            広島県
          </span>
        </label>
      </li>
      <li>
        <label
          class="_label_6245af"
        >
          <input
            class="_input_6245af"
            type="checkbox"
          />
          <span
            class="_span_6245af"
          >
            山口県
          </span>
        </label>
      </li>
      <li>
        <label
          class="_label_6245af"
        >
          <input
            class="_input_6245af"
            type="checkbox"
          />
          <span
            class="_span_6245af"
          >
            徳島県
          </span>
        </label>
      </li>
      <li>
        <label
          class="_label_6245af"
        >
          <input
            class="_input_6245af"
            type="checkbox"
          />
          <span
            class="_span_6245af"
          >
            香川県
          </span>
        </label>
      </li>
      <li>
        <label
          class="_label_6245af"
        >
          <input
            class="_input_6245af"
            type="checkbox"
          />
          <span
            class="_span_6245af"
          >
            愛媛県
          </span>
        </label>
      </li>
      <li>
        <label
          class="_label_6245af"
        >
          <input
            class="_input_6245af"
            type="checkbox"
          />
          <span
            class="_span_6245af"
          >
            高知県
          </span>
        </label>
      </li>
      <li>
        <label
          class="_label_6245af"
        >
          <input
            class="_input_6245af"
            type="checkbox"
          />
          <span
            class="_span_6245af"
          >
            福岡県
          </span>
        </label>
      </li>
      <li>
        <label
          class="_label_6245af"
        >
          <input
            class="_input_6245af"
            type="checkbox"
          />
          <span
            class="_span_6245af"
          >
            佐賀県
          </span>
        </label>
      </li>
      <li>
        <label
          class="_label_6245af"
        >
          <input
            class="_input_6245af"
            type="checkbox"
          />
          <span
            class="_span_6245af"
          >
            長崎県
          </span>
        </label>
      </li>
      <li>
        <label
          class="_label_6245af"
        >
          <input
            class="_input_6245af"
            type="checkbox"
          />
          <span
            class="_span_6245af"
          >
            熊本県
          </span>
        </label>
      </li>
      <li>
        <label
          class="_label_6245af"
        >
          <input
            class="_input_6245af"
            type="checkbox"
          />
          <span
            class="_span_6245af"
          >
            大分県
          </span>
        </label>
      </li>
      <li>
        <label
          class="_label_6245af"
        >
          <input
            class="_input_6245af"
            type="checkbox"
          />
          <span
            class="_span_6245af"
          >
            宮崎県
          </span>
        </label>
      </li>
      <li>
        <label
          class="_label_6245af"
        >
          <input
            class="_input_6245af"
            type="checkbox"
          />
          <span
            class="_span_6245af"
          >
            鹿児島県
          </span>
        </label>
      </li>
      <li>
        <label
          class="_label_6245af"
        >
          <input
            class="_input_6245af"
            type="checkbox"
          />
          <span
            class="_span_6245af"
          >
            沖縄県
          </span>
        </label>
      </li>
    </ul>
  </div>,
  "debug": [Function],
  "findAllByAltText": [Function],
  "findAllByDisplayValue": [Function],
  "findAllByLabelText": [Function],
  "findAllByPlaceholderText": [Function],
  "findAllByRole": [Function],
  "findAllByTestId": [Function],
  "findAllByText": [Function],
  "findAllByTitle": [Function],
  "findByAltText": [Function],
  "findByDisplayValue": [Function],
  "findByLabelText": [Function],
  "findByPlaceholderText": [Function],
  "findByRole": [Function],
  "findByTestId": [Function],
  "findByText": [Function],
  "findByTitle": [Function],
  "getAllByAltText": [Function],
  "getAllByDisplayValue": [Function],
  "getAllByLabelText": [Function],
  "getAllByPlaceholderText": [Function],
  "getAllByRole": [Function],
  "getAllByTestId": [Function],
  "getAllByText": [Function],
  "getAllByTitle": [Function],
  "getByAltText": [Function],
  "getByDisplayValue": [Function],
  "getByLabelText": [Function],
  "getByPlaceholderText": [Function],
  "getByRole": [Function],
  "getByTestId": [Function],
  "getByText": [Function],
  "getByTitle": [Function],
  "queryAllByAltText": [Function],
  "queryAllByDisplayValue": [Function],
  "queryAllByLabelText": [Function],
  "queryAllByPlaceholderText": [Function],
  "queryAllByRole": [Function],
  "queryAllByTestId": [Function],
  "queryAllByText": [Function],
  "queryAllByTitle": [Function],
  "queryByAltText": [Function],
  "queryByDisplayValue": [Function],
  "queryByLabelText": [Function],
  "queryByPlaceholderText": [Function],
  "queryByRole": [Function],
  "queryByTestId": [Function],
  "queryByText": [Function],
  "queryByTitle": [Function],
  "rerender": [Function],
  "unmount": [Function],
}
`;

exports[`選択しているときの表示が変わっていないこと 1`] = `
{
  "asFragment": [Function],
  "baseElement": <body>
    <div>
      <ul
        class="_list_a7bb3b"
      >
        <li>
          <label
            class="_label_6245af"
          >
            <input
              class="_input_6245af"
              type="checkbox"
            />
            <span
              class="_span_6245af"
            >
              北海道
            </span>
          </label>
        </li>
        <li>
          <label
            class="_label_6245af"
          >
            <input
              class="_input_6245af"
              type="checkbox"
            />
            <span
              class="_span_6245af"
            >
              青森県
            </span>
          </label>
        </li>
        <li>
          <label
            class="_label_6245af"
          >
            <input
              class="_input_6245af"
              type="checkbox"
            />
            <span
              class="_span_6245af"
            >
              岩手県
            </span>
          </label>
        </li>
        <li>
          <label
            class="_label_6245af"
          >
            <input
              class="_input_6245af"
              type="checkbox"
            />
            <span
              class="_span_6245af"
            >
              宮城県
            </span>
          </label>
        </li>
        <li>
          <label
            class="_label_6245af"
          >
            <input
              class="_input_6245af"
              type="checkbox"
            />
            <span
              class="_span_6245af"
            >
              秋田県
            </span>
          </label>
        </li>
        <li>
          <label
            class="_label_6245af"
          >
            <input
              class="_input_6245af"
              type="checkbox"
            />
            <span
              class="_span_6245af"
            >
              山形県
            </span>
          </label>
        </li>
        <li>
          <label
            class="_label_6245af"
          >
            <input
              class="_input_6245af"
              type="checkbox"
            />
            <span
              class="_span_6245af"
            >
              福島県
            </span>
          </label>
        </li>
        <li>
          <label
            class="_label_6245af"
          >
            <input
              class="_input_6245af"
              type="checkbox"
            />
            <span
              class="_span_6245af"
            >
              茨城県
            </span>
          </label>
        </li>
        <li>
          <label
            class="_label_6245af"
          >
            <input
              class="_input_6245af"
              type="checkbox"
            />
            <span
              class="_span_6245af"
            >
              栃木県
            </span>
          </label>
        </li>
        <li>
          <label
            class="_label_6245af"
          >
            <input
              class="_input_6245af"
              type="checkbox"
            />
            <span
              class="_span_6245af"
            >
              群馬県
            </span>
          </label>
        </li>
        <li>
          <label
            class="_label_6245af"
          >
            <input
              class="_input_6245af"
              type="checkbox"
            />
            <span
              class="_span_6245af"
            >
              埼玉県
            </span>
          </label>
        </li>
        <li>
          <label
            class="_label_6245af"
          >
            <input
              class="_input_6245af"
              type="checkbox"
            />
            <span
              class="_span_6245af"
            >
              千葉県
            </span>
          </label>
        </li>
        <li>
          <label
            class="_label_6245af"
          >
            <input
              checked=""
              class="_input_6245af"
              type="checkbox"
            />
            <span
              class="_span_6245af"
            >
              東京都
            </span>
          </label>
        </li>
        <li>
          <label
            class="_label_6245af"
          >
            <input
              class="_input_6245af"
              type="checkbox"
            />
            <span
              class="_span_6245af"
            >
              神奈川県
            </span>
          </label>
        </li>
        <li>
          <label
            class="_label_6245af"
          >
            <input
              class="_input_6245af"
              type="checkbox"
            />
            <span
              class="_span_6245af"
            >
              新潟県
            </span>
          </label>
        </li>
        <li>
          <label
            class="_label_6245af"
          >
            <input
              class="_input_6245af"
              type="checkbox"
            />
            <span
              class="_span_6245af"
            >
              富山県
            </span>
          </label>
        </li>
        <li>
          <label
            class="_label_6245af"
          >
            <input
              class="_input_6245af"
              type="checkbox"
            />
            <span
              class="_span_6245af"
            >
              石川県
            </span>
          </label>
        </li>
        <li>
          <label
            class="_label_6245af"
          >
            <input
              class="_input_6245af"
              type="checkbox"
            />
            <span
              class="_span_6245af"
            >
              福井県
            </span>
          </label>
        </li>
        <li>
          <label
            class="_label_6245af"
          >
            <input
              class="_input_6245af"
              type="checkbox"
            />
            <span
              class="_span_6245af"
            >
              山梨県
            </span>
          </label>
        </li>
        <li>
          <label
            class="_label_6245af"
          >
            <input
              class="_input_6245af"
              type="checkbox"
            />
            <span
              class="_span_6245af"
            >
              長野県
            </span>
          </label>
        </li>
        <li>
          <label
            class="_label_6245af"
          >
            <input
              class="_input_6245af"
              type="checkbox"
            />
            <span
              class="_span_6245af"
            >
              岐阜県
            </span>
          </label>
        </li>
        <li>
          <label
            class="_label_6245af"
          >
            <input
              class="_input_6245af"
              type="checkbox"
            />
            <span
              class="_span_6245af"
            >
              静岡県
            </span>
          </label>
        </li>
        <li>
          <label
            class="_label_6245af"
          >
            <input
              class="_input_6245af"
              type="checkbox"
            />
            <span
              class="_span_6245af"
            >
              愛知県
            </span>
          </label>
        </li>
        <li>
          <label
            class="_label_6245af"
          >
            <input
              class="_input_6245af"
              type="checkbox"
            />
            <span
              class="_span_6245af"
            >
              三重県
            </span>
          </label>
        </li>
        <li>
          <label
            class="_label_6245af"
          >
            <input
              class="_input_6245af"
              type="checkbox"
            />
            <span
              class="_span_6245af"
            >
              滋賀県
            </span>
          </label>
        </li>
        <li>
          <label
            class="_label_6245af"
          >
            <input
              class="_input_6245af"
              type="checkbox"
            />
            <span
              class="_span_6245af"
            >
              京都府
            </span>
          </label>
        </li>
        <li>
          <label
            class="_label_6245af"
          >
            <input
              checked=""
              class="_input_6245af"
              type="checkbox"
            />
            <span
              class="_span_6245af"
            >
              大阪府
            </span>
          </label>
        </li>
        <li>
          <label
            class="_label_6245af"
          >
            <input
              class="_input_6245af"
              type="checkbox"
            />
            <span
              class="_span_6245af"
            >
              兵庫県
            </span>
          </label>
        </li>
        <li>
          <label
            class="_label_6245af"
          >
            <input
              class="_input_6245af"
              type="checkbox"
            />
            <span
              class="_span_6245af"
            >
              奈良県
            </span>
          </label>
        </li>
        <li>
          <label
            class="_label_6245af"
          >
            <input
              class="_input_6245af"
              type="checkbox"
            />
            <span
              class="_span_6245af"
            >
              和歌山県
            </span>
          </label>
        </li>
        <li>
          <label
            class="_label_6245af"
          >
            <input
              class="_input_6245af"
              type="checkbox"
            />
            <span
              class="_span_6245af"
            >
              鳥取県
            </span>
          </label>
        </li>
        <li>
          <label
            class="_label_6245af"
          >
            <input
              class="_input_6245af"
              type="checkbox"
            />
            <span
              class="_span_6245af"
            >
              島根県
            </span>
          </label>
        </li>
        <li>
          <label
            class="_label_6245af"
          >
            <input
              class="_input_6245af"
              type="checkbox"
            />
            <span
              class="_span_6245af"
            >
              岡山県
            </span>
          </label>
        </li>
        <li>
          <label
            class="_label_6245af"
          >
            <input
              class="_input_6245af"
              type="checkbox"
            />
            <span
              class="_span_6245af"
            >
              広島県
            </span>
          </label>
        </li>
        <li>
          <label
            class="_label_6245af"
          >
            <input
              class="_input_6245af"
              type="checkbox"
            />
            <span
              class="_span_6245af"
            >
              山口県
            </span>
          </label>
        </li>
        <li>
          <label
            class="_label_6245af"
          >
            <input
              class="_input_6245af"
              type="checkbox"
            />
            <span
              class="_span_6245af"
            >
              徳島県
            </span>
          </label>
        </li>
        <li>
          <label
            class="_label_6245af"
          >
            <input
              class="_input_6245af"
              type="checkbox"
            />
            <span
              class="_span_6245af"
            >
              香川県
            </span>
          </label>
        </li>
        <li>
          <label
            class="_label_6245af"
          >
            <input
              class="_input_6245af"
              type="checkbox"
            />
            <span
              class="_span_6245af"
            >
              愛媛県
            </span>
          </label>
        </li>
        <li>
          <label
            class="_label_6245af"
          >
            <input
              class="_input_6245af"
              type="checkbox"
            />
            <span
              class="_span_6245af"
            >
              高知県
            </span>
          </label>
        </li>
        <li>
          <label
            class="_label_6245af"
          >
            <input
              class="_input_6245af"
              type="checkbox"
            />
            <span
              class="_span_6245af"
            >
              福岡県
            </span>
          </label>
        </li>
        <li>
          <label
            class="_label_6245af"
          >
            <input
              class="_input_6245af"
              type="checkbox"
            />
            <span
              class="_span_6245af"
            >
              佐賀県
            </span>
          </label>
        </li>
        <li>
          <label
            class="_label_6245af"
          >
            <input
              class="_input_6245af"
              type="checkbox"
            />
            <span
              class="_span_6245af"
            >
              長崎県
            </span>
          </label>
        </li>
        <li>
          <label
            class="_label_6245af"
          >
            <input
              class="_input_6245af"
              type="checkbox"
            />
            <span
              class="_span_6245af"
            >
              熊本県
            </span>
          </label>
        </li>
        <li>
          <label
            class="_label_6245af"
          >
            <input
              class="_input_6245af"
              type="checkbox"
            />
            <span
              class="_span_6245af"
            >
              大分県
            </span>
          </label>
        </li>
        <li>
          <label
            class="_label_6245af"
          >
            <input
              class="_input_6245af"
              type="checkbox"
            />
            <span
              class="_span_6245af"
            >
              宮崎県
            </span>
          </label>
        </li>
        <li>
          <label
            class="_label_6245af"
          >
            <input
              class="_input_6245af"
              type="checkbox"
            />
            <span
              class="_span_6245af"
            >
              鹿児島県
            </span>
          </label>
        </li>
        <li>
          <label
            class="_label_6245af"
          >
            <input
              class="_input_6245af"
              type="checkbox"
            />
            <span
              class="_span_6245af"
            >
              沖縄県
            </span>
          </label>
        </li>
      </ul>
    </div>
  </body>,
  "container": <div>
    <ul
      class="_list_a7bb3b"
    >
      <li>
        <label
          class="_label_6245af"
        >
          <input
            class="_input_6245af"
            type="checkbox"
          />
          <span
            class="_span_6245af"
          >
            北海道
          </span>
        </label>
      </li>
      <li>
        <label
          class="_label_6245af"
        >
          <input
            class="_input_6245af"
            type="checkbox"
          />
          <span
            class="_span_6245af"
          >
            青森県
          </span>
        </label>
      </li>
      <li>
        <label
          class="_label_6245af"
        >
          <input
            class="_input_6245af"
            type="checkbox"
          />
          <span
            class="_span_6245af"
          >
            岩手県
          </span>
        </label>
      </li>
      <li>
        <label
          class="_label_6245af"
        >
          <input
            class="_input_6245af"
            type="checkbox"
          />
          <span
            class="_span_6245af"
          >
            宮城県
          </span>
        </label>
      </li>
      <li>
        <label
          class="_label_6245af"
        >
          <input
            class="_input_6245af"
            type="checkbox"
          />
          <span
            class="_span_6245af"
          >
            秋田県
          </span>
        </label>
      </li>
      <li>
        <label
          class="_label_6245af"
        >
          <input
            class="_input_6245af"
            type="checkbox"
          />
          <span
            class="_span_6245af"
          >
            山形県
          </span>
        </label>
      </li>
      <li>
        <label
          class="_label_6245af"
        >
          <input
            class="_input_6245af"
            type="checkbox"
          />
          <span
            class="_span_6245af"
          >
            福島県
          </span>
        </label>
      </li>
      <li>
        <label
          class="_label_6245af"
        >
          <input
            class="_input_6245af"
            type="checkbox"
          />
          <span
            class="_span_6245af"
          >
            茨城県
          </span>
        </label>
      </li>
      <li>
        <label
          class="_label_6245af"
        >
          <input
            class="_input_6245af"
            type="checkbox"
          />
          <span
            class="_span_6245af"
          >
            栃木県
          </span>
        </label>
      </li>
      <li>
        <label
          class="_label_6245af"
        >
          <input
            class="_input_6245af"
            type="checkbox"
          />
          <span
            class="_span_6245af"
          >
            群馬県
          </span>
        </label>
      </li>
      <li>
        <label
          class="_label_6245af"
        >
          <input
            class="_input_6245af"
            type="checkbox"
          />
          <span
            class="_span_6245af"
          >
            埼玉県
          </span>
        </label>
      </li>
      <li>
        <label
          class="_label_6245af"
        >
          <input
            class="_input_6245af"
            type="checkbox"
          />
          <span
            class="_span_6245af"
          >
            千葉県
          </span>
        </label>
      </li>
      <li>
        <label
          class="_label_6245af"
        >
          <input
            checked=""
            class="_input_6245af"
            type="checkbox"
          />
          <span
            class="_span_6245af"
          >
            東京都
          </span>
        </label>
      </li>
      <li>
        <label
          class="_label_6245af"
        >
          <input
            class="_input_6245af"
            type="checkbox"
          />
          <span
            class="_span_6245af"
          >
            神奈川県
          </span>
        </label>
      </li>
      <li>
        <label
          class="_label_6245af"
        >
          <input
            class="_input_6245af"
            type="checkbox"
          />
          <span
            class="_span_6245af"
          >
            新潟県
          </span>
        </label>
      </li>
      <li>
        <label
          class="_label_6245af"
        >
          <input
            class="_input_6245af"
            type="checkbox"
          />
          <span
            class="_span_6245af"
          >
            富山県
          </span>
        </label>
      </li>
      <li>
        <label
          class="_label_6245af"
        >
          <input
            class="_input_6245af"
            type="checkbox"
          />
          <span
            class="_span_6245af"
          >
            石川県
          </span>
        </label>
      </li>
      <li>
        <label
          class="_label_6245af"
        >
          <input
            class="_input_6245af"
            type="checkbox"
          />
          <span
            class="_span_6245af"
          >
            福井県
          </span>
        </label>
      </li>
      <li>
        <label
          class="_label_6245af"
        >
          <input
            class="_input_6245af"
            type="checkbox"
          />
          <span
            class="_span_6245af"
          >
            山梨県
          </span>
        </label>
      </li>
      <li>
        <label
          class="_label_6245af"
        >
          <input
            class="_input_6245af"
            type="checkbox"
          />
          <span
            class="_span_6245af"
          >
            長野県
          </span>
        </label>
      </li>
      <li>
        <label
          class="_label_6245af"
        >
          <input
            class="_input_6245af"
            type="checkbox"
          />
          <span
            class="_span_6245af"
          >
            岐阜県
          </span>
        </label>
      </li>
      <li>
        <label
          class="_label_6245af"
        >
          <input
            class="_input_6245af"
            type="checkbox"
          />
          <span
            class="_span_6245af"
          >
            静岡県
          </span>
        </label>
      </li>
      <li>
        <label
          class="_label_6245af"
        >
          <input
            class="_input_6245af"
            type="checkbox"
          />
          <span
            class="_span_6245af"
          >
            愛知県
          </span>
        </label>
      </li>
      <li>
        <label
          class="_label_6245af"
        >
          <input
            class="_input_6245af"
            type="checkbox"
          />
          <span
            class="_span_6245af"
          >
            三重県
          </span>
        </label>
      </li>
      <li>
        <label
          class="_label_6245af"
        >
          <input
            class="_input_6245af"
            type="checkbox"
          />
          <span
            class="_span_6245af"
          >
            滋賀県
          </span>
        </label>
      </li>
      <li>
        <label
          class="_label_6245af"
        >
          <input
            class="_input_6245af"
            type="checkbox"
          />
          <span
            class="_span_6245af"
          >
            京都府
          </span>
        </label>
      </li>
      <li>
        <label
          class="_label_6245af"
        >
          <input
            checked=""
            class="_input_6245af"
            type="checkbox"
          />
          <span
            class="_span_6245af"
          >
            大阪府
          </span>
        </label>
      </li>
      <li>
        <label
          class="_label_6245af"
        >
          <input
            class="_input_6245af"
            type="checkbox"
          />
          <span
            class="_span_6245af"
          >
            兵庫県
          </span>
        </label>
      </li>
      <li>
        <label
          class="_label_6245af"
        >
          <input
            class="_input_6245af"
            type="checkbox"
          />
          <span
            class="_span_6245af"
          >
            奈良県
          </span>
        </label>
      </li>
      <li>
        <label
          class="_label_6245af"
        >
          <input
            class="_input_6245af"
            type="checkbox"
          />
          <span
            class="_span_6245af"
          >
            和歌山県
          </span>
        </label>
      </li>
      <li>
        <label
          class="_label_6245af"
        >
          <input
            class="_input_6245af"
            type="checkbox"
          />
          <span
            class="_span_6245af"
          >
            鳥取県
          </span>
        </label>
      </li>
      <li>
        <label
          class="_label_6245af"
        >
          <input
            class="_input_6245af"
            type="checkbox"
          />
          <span
            class="_span_6245af"
          >
            島根県
          </span>
        </label>
      </li>
      <li>
        <label
          class="_label_6245af"
        >
          <input
            class="_input_6245af"
            type="checkbox"
          />
          <span
            class="_span_6245af"
          >
            岡山県
          </span>
        </label>
      </li>
      <li>
        <label
          class="_label_6245af"
        >
          <input
            class="_input_6245af"
            type="checkbox"
          />
          <span
            class="_span_6245af"
          >
            広島県
          </span>
        </label>
      </li>
      <li>
        <label
          class="_label_6245af"
        >
          <input
            class="_input_6245af"
            type="checkbox"
          />
          <span
            class="_span_6245af"
          >
            山口県
          </span>
        </label>
      </li>
      <li>
        <label
          class="_label_6245af"
        >
          <input
            class="_input_6245af"
            type="checkbox"
          />
          <span
            class="_span_6245af"
          >
            徳島県
          </span>
        </label>
      </li>
      <li>
        <label
          class="_label_6245af"
        >
          <input
            class="_input_6245af"
            type="checkbox"
          />
          <span
            class="_span_6245af"
          >
            香川県
          </span>
        </label>
      </li>
      <li>
        <label
          class="_label_6245af"
        >
          <input
            class="_input_6245af"
            type="checkbox"
          />
          <span
            class="_span_6245af"
          >
            愛媛県
          </span>
        </label>
      </li>
      <li>
        <label
          class="_label_6245af"
        >
          <input
            class="_input_6245af"
            type="checkbox"
          />
          <span
            class="_span_6245af"
          >
            高知県
          </span>
        </label>
      </li>
      <li>
        <label
          class="_label_6245af"
        >
          <input
            class="_input_6245af"
            type="checkbox"
          />
          <span
            class="_span_6245af"
          >
            福岡県
          </span>
        </label>
      </li>
      <li>
        <label
          class="_label_6245af"
        >
          <input
            class="_input_6245af"
            type="checkbox"
          />
          <span
            class="_span_6245af"
          >
            佐賀県
          </span>
        </label>
      </li>
      <li>
        <label
          class="_label_6245af"
        >
          <input
            class="_input_6245af"
            type="checkbox"
          />
          <span
            class="_span_6245af"
          >
            長崎県
          </span>
        </label>
      </li>
      <li>
        <label
          class="_label_6245af"
        >
          <input
            class="_input_6245af"
            type="checkbox"
          />
          <span
            class="_span_6245af"
          >
            熊本県
          </span>
        </label>
      </li>
      <li>
        <label
          class="_label_6245af"
        >
          <input
            class="_input_6245af"
            type="checkbox"
          />
          <span
            class="_span_6245af"
          >
            大分県
          </span>
        </label>
      </li>
      <li>
        <label
          class="_label_6245af"
        >
          <input
            class="_input_6245af"
            type="checkbox"
          />
          <span
            class="_span_6245af"
          >
            宮崎県
          </span>
        </label>
      </li>
      <li>
        <label
          class="_label_6245af"
        >
          <input
            class="_input_6245af"
            type="checkbox"
          />
          <span
            class="_span_6245af"
          >
            鹿児島県
          </span>
        </label>
      </li>
      <li>
        <label
          class="_label_6245af"
        >
          <input
            class="_input_6245af"
            type="checkbox"
          />
          <span
            class="_span_6245af"
          >
            沖縄県
          </span>
        </label>
      </li>
    </ul>
  </div>,
  "debug": [Function],
  "findAllByAltText": [Function],
  "findAllByDisplayValue": [Function],
  "findAllByLabelText": [Function],
  "findAllByPlaceholderText": [Function],
  "findAllByRole": [Function],
  "findAllByTestId": [Function],
  "findAllByText": [Function],
  "findAllByTitle": [Function],
  "findByAltText": [Function],
  "findByDisplayValue": [Function],
  "findByLabelText": [Function],
  "findByPlaceholderText": [Function],
  "findByRole": [Function],
  "findByTestId": [Function],
  "findByText": [Function],
  "findByTitle": [Function],
  "getAllByAltText": [Function],
  "getAllByDisplayValue": [Function],
  "getAllByLabelText": [Function],
  "getAllByPlaceholderText": [Function],
  "getAllByRole": [Function],
  "getAllByTestId": [Function],
  "getAllByText": [Function],
  "getAllByTitle": [Function],
  "getByAltText": [Function],
  "getByDisplayValue": [Function],
  "getByLabelText": [Function],
  "getByPlaceholderText": [Function],
  "getByRole": [Function],
  "getByTestId": [Function],
  "getByText": [Function],
  "getByTitle": [Function],
  "queryAllByAltText": [Function],
  "queryAllByDisplayValue": [Function],
  "queryAllByLabelText": [Function],
  "queryAllByPlaceholderText": [Function],
  "queryAllByRole": [Function],
  "queryAllByTestId": [Function],
  "queryAllByText": [Function],
  "queryAllByTitle": [Function],
  "queryByAltText": [Function],
  "queryByDisplayValue": [Function],
  "queryByLabelText": [Function],
  "queryByPlaceholderText": [Function],
  "queryByRole": [Function],
  "queryByTestId": [Function],
  "queryByText": [Function],
  "queryByTitle": [Function],
  "rerender": [Function],
  "unmount": [Function],
}
`;
